// Jest Snapshot v1, https://goo.gl/fbAQLP

exports[`Button test cases Button onClick is valid callback 1`] = `
Object {
  "text": "secondState",
}
`;

exports[`Button test cases Button was success rendered! 1`] = `ShallowWrapper {}`;
