// Jest Snapshot v1, https://goo.gl/fbAQLP

exports[`Picture test cases Picture was success rendered! 1`] = `ShallowWrapper {}`;
